Patient 1 got in line
Patient 2 got in line
Patient 2 starting seeing the doctor
Patient 2 finished seeing the doctor
Patient 1 starting seeing the doctor
Patient 1 finished seeing the doctor
All patients have left
