Patient 1 got in line
Patient 2 got in line
Patient 3 got in line
Patient 4 got in line
Patient 5 got in line
Patient 2 starting seeing the doctor
Patient 2 finished seeing the doctor
Patient 3 starting seeing the doctor
Patient 3 finished seeing the doctor
Patient 5 starting seeing the doctor
Patient 5 finished seeing the doctor
Patient 1 starting seeing the doctor
Patient 1 finished seeing the doctor
Patient 4 starting seeing the doctor
Patient 4 finished seeing the doctor
All patients have left
