Customer 1 got in line
Customer 1 starting washing their clothes
Customer 2 got in line
Customer 2 starting washing their clothes
Customer 2 finished washing their clothes
Customer 3 got in line
Customer 3 starting washing their clothes
Customer 3 finished washing their clothes
Customer 4 got in line
Customer 4 starting washing their clothes
Customer 4 finished washing their clothes
Customer 1 finished washing their clothes
All customers have left
