Customer 1 got in line
Customer 1 starting washing their clothes
Customer 2 got in line
Customer 2 starting washing their clothes
Customer 3 got in line
Customer 3 starting washing their clothes
Customer 4 got in line
Customer 4 starting washing their clothes
Customer 4 finished washing their clothes
Customer 5 got in line
Customer 5 starting washing their clothes
Customer 5 finished washing their clothes
Customer 6 got in line
Customer 6 starting washing their clothes
Customer 6 finished washing their clothes
Customer 7 got in line
Customer 7 starting washing their clothes
Customer 7 finished washing their clothes
Customer 8 got in line
Customer 8 starting washing their clothes
Customer 8 finished washing their clothes
Customer 9 got in line
Customer 9 starting washing their clothes
Customer 9 finished washing their clothes
Customer 10 got in line
Customer 10 starting washing their clothes
Customer 10 finished washing their clothes
Customer 11 got in line
Customer 11 starting washing their clothes
Customer 11 finished washing their clothes
Customer 12 got in line
Customer 12 starting washing their clothes
Customer 12 finished washing their clothes
Customer 13 got in line
Customer 13 starting washing their clothes
Customer 13 finished washing their clothes
Customer 14 got in line
Customer 14 starting washing their clothes
Customer 14 finished washing their clothes
Customer 15 got in line
Customer 15 starting washing their clothes
Customer 15 finished washing their clothes
Customer 16 got in line
Customer 16 starting washing their clothes
Customer 16 finished washing their clothes
Customer 17 got in line
Customer 17 starting washing their clothes
Customer 17 finished washing their clothes
Customer 18 got in line
Customer 18 starting washing their clothes
Customer 18 finished washing their clothes
Customer 19 got in line
Customer 19 starting washing their clothes
Customer 19 finished washing their clothes
Customer 20 got in line
Customer 20 starting washing their clothes
Customer 20 finished washing their clothes
Customer 21 got in line
Customer 21 starting washing their clothes
Customer 21 finished washing their clothes
Customer 22 got in line
Customer 22 starting washing their clothes
Customer 22 finished washing their clothes
Customer 23 got in line
Customer 23 starting washing their clothes
Customer 23 finished washing their clothes
Customer 24 got in line
Customer 24 starting washing their clothes
Customer 24 finished washing their clothes
Customer 25 got in line
Customer 25 starting washing their clothes
Customer 25 finished washing their clothes
Customer 1 finished washing their clothes
Customer 2 finished washing their clothes
Customer 3 finished washing their clothes
All customers have left
